{+0001-01-01T00:00:00Z| 'value', 42, { 'eulav', 24, <null> } |}
{+0001-01-01T00:00:00Z| 'value', 43, { <null>, 'eulav', 'value' } |}
